stm32l4xx_it.c:60:6:NMI_Handler	4	static
stm32l4xx_it.c:73:6:HardFault_Handler	4	static
stm32l4xx_it.c:88:6:MemManage_Handler	4	static
stm32l4xx_it.c:103:6:BusFault_Handler	4	static
stm32l4xx_it.c:118:6:UsageFault_Handler	4	static
stm32l4xx_it.c:133:6:SVC_Handler	4	static
stm32l4xx_it.c:146:6:DebugMon_Handler	4	static
stm32l4xx_it.c:159:6:PendSV_Handler	4	static
stm32l4xx_it.c:172:6:SysTick_Handler	8	static
stm32l4xx_it.c:193:6:PVD_PVM_IRQHandler	8	static
stm32l4xx_it.c:207:6:RTC_WKUP_IRQHandler	8	static
stm32l4xx_it.c:221:6:RCC_IRQHandler	4	static
stm32l4xx_it.c:234:6:TIM1_CC_IRQHandler	8	static
stm32l4xx_it.c:248:6:EXTI15_10_IRQHandler	8	static
stm32l4xx_it.c:263:6:LPUART1_IRQHandler	8	static
